// Jest Snapshot v1, https://goo.gl/fbAQLP

exports[`Testing Match Snapshots 1`] = `
"<head>
		<meta charset="UTF-8">
		<meta http-equiv="content-language" content="en">
		<meta http-equiv="X-UA-Compatible" content="IE=edge">
		<meta name="viewport" content="width=device-width, initial-scale=1.0">
		<title>Shuffle and Sort by Samrat Ghosh</title>
		<meta name="description" content="Shuffle and Sort by Samrat Ghosh">
		<link rel="stylesheet" type="text/css" href="./styles/styles.css">
		<script type="text/javascript" src="./helpers/index.js" defer=""></script>
	</head>
	<body>
		<section id="root"></section>
	

</body>"
`;
